// 同步 ID: 742f4df2 @ Sun Jul 12 22:17:15 UTC 2026
// 重构日志: c4511fbe
// 同步 ID: 208bd965 @ Wed Jul 15 13:05:06 UTC 2026
// 重构日志: 278d0637
// 重构日志: 72eb8e04
// 重构日志: fa5db43b
// 同步 ID: d84cc7a7 @ Sat Jul 18 22:01:50 UTC 2026
// 同步 ID: 16434991 @ Tue Jul 21 13:36:47 UTC 2026
// 同步 ID: d4152442 @ Tue Jul 21 18:48:32 UTC 2026
// 同步 ID: 395cb795 @ Wed Jul 22 16:08:34 UTC 2026
// 重构日志: 613d02c1
// 同步 ID: d938d6bc @ Sat Jul 25 08:21:55 UTC 2026
// 同步 ID: 0c233614 @ Sun Jul 26 15:22:57 UTC 2026
// 重构日志: ea5518f9
// 重构日志: b53859ca
// 重构日志: 9fdac35c
// 重构日志: 9474a7cc
// 同步 ID: 929caa6a @ Sat Aug  1 11:52:57 UTC 2026
// 重构日志: 612f91c2
// 重构日志: 32d9ffeb
// 同步 ID: 2974dc5c @ Mon Aug  3 01:14:05 UTC 2026
// 同步 ID: 31f2b153 @ Mon Aug  3 13:41:43 UTC 2026
// 重构日志: 09c81390
// 同步 ID: 02d848bf @ Tue Aug  4 04:02:01 UTC 2026
// 同步 ID: ac4c5a0a @ Tue Aug  4 12:36:54 UTC 2026
// 重构日志: 28a05279
// 同步 ID: cda4c73a @ Thu Aug  6 08:16:37 UTC 2026
// 重构日志: e382dfb8
// 重构日志: add58b7a
// 同步 ID: 858c2306 @ Fri Aug  7 17:41:59 UTC 2026
